     1 00000000                                 [FORMAT "WCOFF"]
     2 00000000                                 [INSTRSET "i486p"]
     3 00000000                                 [OPTIMIZE 1]
     4 00000000                                 [OPTION 1]
     5 00000000                                 [BITS 32]
     6 00000000                                 	EXTERN	_io_load_eflags
     7 00000000                                 	EXTERN	_io_store_eflags
     8 00000000                                 	EXTERN	_memtest_sub
     9 00000000                                 	EXTERN	_load_cr0
    10 00000000                                 	EXTERN	_store_cr0
    11 00000000                                 [FILE "memory.c"]
    12                                          [SECTION .text]
    13 00000000                                 	GLOBAL	_memmanager_init
    14 00000000                                 _memmanager_init:
    15 00000000 55                              	PUSH	EBP
    16 00000001 89 E5                           	MOV	EBP,ESP
    17 00000003 8B 45 08                        	MOV	EAX,DWORD [8+EBP]
    18 00000006 C7 00 00000000                  	MOV	DWORD [EAX],0
    19 0000000C C7 40 04 00000000               	MOV	DWORD [4+EAX],0
    20 00000013 C7 40 08 00000000               	MOV	DWORD [8+EAX],0
    21 0000001A C7 40 0C 00000000               	MOV	DWORD [12+EAX],0
    22 00000021 5D                              	POP	EBP
    23 00000022 C3                              	RET
    24 00000023                                 	GLOBAL	_memory_total
    25 00000023                                 _memory_total:
    26 00000023 55                              	PUSH	EBP
    27 00000024 31 C0                           	XOR	EAX,EAX
    28 00000026 89 E5                           	MOV	EBP,ESP
    29 00000028 31 D2                           	XOR	EDX,EDX
    30 0000002A 53                              	PUSH	EBX
    31 0000002B 8B 5D 08                        	MOV	EBX,DWORD [8+EBP]
    32 0000002E 8B 0B                           	MOV	ECX,DWORD [EBX]
    33 00000030 39 C8                           	CMP	EAX,ECX
    34 00000032 7D 09                           	JGE	L9
    35 00000034                                 L7:
    36 00000034 03 44 D3 14                     	ADD	EAX,DWORD [20+EBX+EDX*8]
    37 00000038 42                              	INC	EDX
    38 00000039 39 CA                           	CMP	EDX,ECX
    39 0000003B 7C F7                           	JL	L7
    40 0000003D                                 L9:
    41 0000003D 5B                              	POP	EBX
    42 0000003E 5D                              	POP	EBP
    43 0000003F C3                              	RET
    44 00000040                                 	GLOBAL	_memory_alloc
    45 00000040                                 _memory_alloc:
    46 00000040 55                              	PUSH	EBP
    47 00000041 31 C9                           	XOR	ECX,ECX
    48 00000043 89 E5                           	MOV	EBP,ESP
    49 00000045 57                              	PUSH	EDI
    50 00000046 56                              	PUSH	ESI
    51 00000047 53                              	PUSH	EBX
    52 00000048 8B 75 0C                        	MOV	ESI,DWORD [12+EBP]
    53 0000004B 8B 5D 08                        	MOV	EBX,DWORD [8+EBP]
    54 0000004E 8B 03                           	MOV	EAX,DWORD [EBX]
    55 00000050 39 C1                           	CMP	ECX,EAX
    56 00000052 7D 0D                           	JGE	L24
    57 00000054                                 L22:
    58 00000054 8B 54 CB 14                     	MOV	EDX,DWORD [20+EBX+ECX*8]
    59 00000058 39 F2                           	CMP	EDX,ESI
    60 0000005A 73 0C                           	JAE	L26
    61 0000005C 41                              	INC	ECX
    62 0000005D 39 C1                           	CMP	ECX,EAX
    63 0000005F 7C F3                           	JL	L22
    64 00000061                                 L24:
    65 00000061 31 C0                           	XOR	EAX,EAX
    66 00000063                                 L10:
    67 00000063 5B                              	POP	EBX
    68 00000064 5E                              	POP	ESI
    69 00000065 5F                              	POP	EDI
    70 00000066 5D                              	POP	EBP
    71 00000067 C3                              	RET
    72 00000068                                 L26:
    73 00000068 8B 7C CB 10                     	MOV	EDI,DWORD [16+EBX+ECX*8]
    74 0000006C 8D 04 3E                        	LEA	EAX,DWORD [ESI+EDI*1]
    75 0000006F 89 44 CB 10                     	MOV	DWORD [16+EBX+ECX*8],EAX
    76 00000073 89 D0                           	MOV	EAX,EDX
    77 00000075 29 F0                           	SUB	EAX,ESI
    78 00000077 89 44 CB 14                     	MOV	DWORD [20+EBX+ECX*8],EAX
    79 0000007B 85 C0                           	TEST	EAX,EAX
    80 0000007D 75 1E                           	JNE	L16
    81 0000007F 8B 73 04                        	MOV	ESI,DWORD [4+EBX]
    82 00000082 FF 0B                           	DEC	DWORD [EBX]
    83 00000084 39 F1                           	CMP	ECX,ESI
    84 00000086 7D 15                           	JGE	L16
    85 00000088                                 L21:
    86 00000088 8B 44 CB 18                     	MOV	EAX,DWORD [24+EBX+ECX*8]
    87 0000008C 8B 54 CB 1C                     	MOV	EDX,DWORD [28+EBX+ECX*8]
    88 00000090 89 44 CB 10                     	MOV	DWORD [16+EBX+ECX*8],EAX
    89 00000094 89 54 CB 14                     	MOV	DWORD [20+EBX+ECX*8],EDX
    90 00000098 41                              	INC	ECX
    91 00000099 39 F1                           	CMP	ECX,ESI
    92 0000009B 7C EB                           	JL	L21
    93 0000009D                                 L16:
    94 0000009D 89 F8                           	MOV	EAX,EDI
    95 0000009F EB C2                           	JMP	L10
    96 000000A1                                 	GLOBAL	_memory_free
    97 000000A1                                 _memory_free:
    98 000000A1 55                              	PUSH	EBP
    99 000000A2 89 E5                           	MOV	EBP,ESP
   100 000000A4 57                              	PUSH	EDI
   101 000000A5 56                              	PUSH	ESI
   102 000000A6 8B 75 08                        	MOV	ESI,DWORD [8+EBP]
   103 000000A9 53                              	PUSH	EBX
   104 000000AA 31 DB                           	XOR	EBX,EBX
   105 000000AC 8B 3E                           	MOV	EDI,DWORD [ESI]
   106 000000AE 39 FB                           	CMP	EBX,EDI
   107 000000B0 7D 0E                           	JGE	L29
   108 000000B2                                 L33:
   109 000000B2 8B 45 0C                        	MOV	EAX,DWORD [12+EBP]
   110 000000B5 39 44 DE 10                     	CMP	DWORD [16+ESI+EBX*8],EAX
   111 000000B9 77 05                           	JA	L29
   112 000000BB 43                              	INC	EBX
   113 000000BC 39 FB                           	CMP	EBX,EDI
   114 000000BE 7C F2                           	JL	L33
   115 000000C0                                 L29:
   116 000000C0 85 DB                           	TEST	EBX,EBX
   117 000000C2 7E 0F                           	JLE	L34
   118 000000C4 8B 54 DE 0C                     	MOV	EDX,DWORD [12+ESI+EBX*8]
   119 000000C8 8B 44 DE 08                     	MOV	EAX,DWORD [8+ESI+EBX*8]
   120 000000CC 01 D0                           	ADD	EAX,EDX
   121 000000CE 3B 45 0C                        	CMP	EAX,DWORD [12+EBP]
   122 000000D1 74 73                           	JE	L57
   123 000000D3                                 L34:
   124 000000D3 39 FB                           	CMP	EBX,EDI
   125 000000D5 7D 0C                           	JGE	L43
   126 000000D7 8B 45 0C                        	MOV	EAX,DWORD [12+EBP]
   127 000000DA 03 45 10                        	ADD	EAX,DWORD [16+EBP]
   128 000000DD 3B 44 DE 10                     	CMP	EAX,DWORD [16+ESI+EBX*8]
   129 000000E1 74 53                           	JE	L58
   130 000000E3                                 L43:
   131 000000E3 81 FF 00000FF9                  	CMP	EDI,4089
   132 000000E9 7F 3D                           	JG	L45
   133 000000EB 89 F9                           	MOV	ECX,EDI
   134 000000ED 39 DF                           	CMP	EDI,EBX
   135 000000EF 7E 15                           	JLE	L55
   136 000000F1                                 L50:
   137 000000F1 8B 44 CE 08                     	MOV	EAX,DWORD [8+ESI+ECX*8]
   138 000000F5 8B 54 CE 0C                     	MOV	EDX,DWORD [12+ESI+ECX*8]
   139 000000F9 89 44 CE 10                     	MOV	DWORD [16+ESI+ECX*8],EAX
   140 000000FD 89 54 CE 14                     	MOV	DWORD [20+ESI+ECX*8],EDX
   141 00000101 49                              	DEC	ECX
   142 00000102 39 D9                           	CMP	ECX,EBX
   143 00000104 7F EB                           	JG	L50
   144 00000106                                 L55:
   145 00000106 8D 47 01                        	LEA	EAX,DWORD [1+EDI]
   146 00000109 89 06                           	MOV	DWORD [ESI],EAX
   147 0000010B 39 46 04                        	CMP	DWORD [4+ESI],EAX
   148 0000010E 7D 03                           	JGE	L51
   149 00000110 89 46 04                        	MOV	DWORD [4+ESI],EAX
   150 00000113                                 L51:
   151 00000113 8B 45 0C                        	MOV	EAX,DWORD [12+EBP]
   152 00000116 89 44 DE 10                     	MOV	DWORD [16+ESI+EBX*8],EAX
   153 0000011A 8B 45 10                        	MOV	EAX,DWORD [16+EBP]
   154 0000011D 89 44 DE 14                     	MOV	DWORD [20+ESI+EBX*8],EAX
   155 00000121                                 L56:
   156 00000121 31 C0                           	XOR	EAX,EAX
   157 00000123                                 L27:
   158 00000123 5B                              	POP	EBX
   159 00000124 5E                              	POP	ESI
   160 00000125 5F                              	POP	EDI
   161 00000126 5D                              	POP	EBP
   162 00000127 C3                              	RET
   163 00000128                                 L45:
   164 00000128 8B 45 10                        	MOV	EAX,DWORD [16+EBP]
   165 0000012B FF 46 0C                        	INC	DWORD [12+ESI]
   166 0000012E 01 46 08                        	ADD	DWORD [8+ESI],EAX
   167 00000131 83 C8 FF                        	OR	EAX,-1
   168 00000134 EB ED                           	JMP	L27
   169 00000136                                 L58:
   170 00000136 8B 45 0C                        	MOV	EAX,DWORD [12+EBP]
   171 00000139 89 44 DE 10                     	MOV	DWORD [16+ESI+EBX*8],EAX
   172 0000013D 8B 45 10                        	MOV	EAX,DWORD [16+EBP]
   173 00000140 01 44 DE 14                     	ADD	DWORD [20+ESI+EBX*8],EAX
   174 00000144 EB DB                           	JMP	L56
   175 00000146                                 L57:
   176 00000146 03 55 10                        	ADD	EDX,DWORD [16+EBP]
   177 00000149 89 54 DE 0C                     	MOV	DWORD [12+ESI+EBX*8],EDX
   178 0000014D 3B 1E                           	CMP	EBX,DWORD [ESI]
   179 0000014F 7D D2                           	JGE	L27
   180 00000151 8B 45 0C                        	MOV	EAX,DWORD [12+EBP]
   181 00000154 03 45 10                        	ADD	EAX,DWORD [16+EBP]
   182 00000157 3B 44 DE 10                     	CMP	EAX,DWORD [16+ESI+EBX*8]
   183 0000015B 75 C6                           	JNE	L27
   184 0000015D 03 54 DE 14                     	ADD	EDX,DWORD [20+ESI+EBX*8]
   185 00000161 89 54 DE 0C                     	MOV	DWORD [12+ESI+EBX*8],EDX
   186 00000165 8B 06                           	MOV	EAX,DWORD [ESI]
   187 00000167 48                              	DEC	EAX
   188 00000168 89 06                           	MOV	DWORD [ESI],EAX
   189 0000016A 39 C3                           	CMP	EBX,EAX
   190 0000016C 7D B5                           	JGE	L27
   191 0000016E 89 C1                           	MOV	ECX,EAX
   192 00000170                                 L42:
   193 00000170 8B 44 DE 18                     	MOV	EAX,DWORD [24+ESI+EBX*8]
   194 00000174 8B 54 DE 1C                     	MOV	EDX,DWORD [28+ESI+EBX*8]
   195 00000178 89 44 DE 10                     	MOV	DWORD [16+ESI+EBX*8],EAX
   196 0000017C 89 54 DE 14                     	MOV	DWORD [20+ESI+EBX*8],EDX
   197 00000180 43                              	INC	EBX
   198 00000181 39 CB                           	CMP	EBX,ECX
   199 00000183 7C EB                           	JL	L42
   200 00000185 EB 9C                           	JMP	L27
   201 00000187                                 	GLOBAL	_alloc4k
   202 00000187                                 _alloc4k:
   203 00000187 55                              	PUSH	EBP
   204 00000188 89 E5                           	MOV	EBP,ESP
   205 0000018A 8B 45 0C                        	MOV	EAX,DWORD [12+EBP]
   206 0000018D 05 00000FFF                     	ADD	EAX,4095
   207 00000192 25 FFFFF000                     	AND	EAX,-4096
   208 00000197 89 45 0C                        	MOV	DWORD [12+EBP],EAX
   209 0000019A 5D                              	POP	EBP
   210 0000019B E9 FFFFFEA0                     	JMP	_memory_alloc
   211 000001A0                                 	GLOBAL	_free4k
   212 000001A0                                 _free4k:
   213 000001A0 55                              	PUSH	EBP
   214 000001A1 89 E5                           	MOV	EBP,ESP
   215 000001A3 8B 45 10                        	MOV	EAX,DWORD [16+EBP]
   216 000001A6 05 00000FFF                     	ADD	EAX,4095
   217 000001AB 25 FFFFF000                     	AND	EAX,-4096
   218 000001B0 89 45 10                        	MOV	DWORD [16+EBP],EAX
   219 000001B3 5D                              	POP	EBP
   220 000001B4 E9 FFFFFEE8                     	JMP	_memory_free
   221 000001B9                                 	GLOBAL	_memtest
   222 000001B9                                 _memtest:
   223 000001B9 55                              	PUSH	EBP
   224 000001BA 89 E5                           	MOV	EBP,ESP
   225 000001BC 56                              	PUSH	ESI
   226 000001BD 53                              	PUSH	EBX
   227 000001BE 31 F6                           	XOR	ESI,ESI
   228 000001C0 E8 [00000000]                   	CALL	_io_load_eflags
   229 000001C5 0D 00040000                     	OR	EAX,262144
   230 000001CA 50                              	PUSH	EAX
   231 000001CB E8 [00000000]                   	CALL	_io_store_eflags
   232 000001D0 E8 [00000000]                   	CALL	_io_load_eflags
   233 000001D5 5A                              	POP	EDX
   234 000001D6 A9 00040000                     	TEST	EAX,262144
   235 000001DB 74 05                           	JE	L62
   236 000001DD BE 00000001                     	MOV	ESI,1
   237 000001E2                                 L62:
   238 000001E2 25 FFFBFFFF                     	AND	EAX,-262145
   239 000001E7 50                              	PUSH	EAX
   240 000001E8 E8 [00000000]                   	CALL	_io_store_eflags
   241 000001ED 58                              	POP	EAX
   242 000001EE 89 F0                           	MOV	EAX,ESI
   243 000001F0 84 C0                           	TEST	AL,AL
   244 000001F2 75 31                           	JNE	L65
   245 000001F4                                 L63:
   246 000001F4 FF 75 0C                        	PUSH	DWORD [12+EBP]
   247 000001F7 FF 75 08                        	PUSH	DWORD [8+EBP]
   248 000001FA E8 [00000000]                   	CALL	_memtest_sub
   249 000001FF 5A                              	POP	EDX
   250 00000200 89 C3                           	MOV	EBX,EAX
   251 00000202 59                              	POP	ECX
   252 00000203 89 F0                           	MOV	EAX,ESI
   253 00000205 84 C0                           	TEST	AL,AL
   254 00000207 75 09                           	JNE	L66
   255 00000209                                 L64:
   256 00000209 8D 65 F8                        	LEA	ESP,DWORD [-8+EBP]
   257 0000020C 89 D8                           	MOV	EAX,EBX
   258 0000020E 5B                              	POP	EBX
   259 0000020F 5E                              	POP	ESI
   260 00000210 5D                              	POP	EBP
   261 00000211 C3                              	RET
   262 00000212                                 L66:
   263 00000212 E8 [00000000]                   	CALL	_load_cr0
   264 00000217 25 9FFFFFFF                     	AND	EAX,-1610612737
   265 0000021C 50                              	PUSH	EAX
   266 0000021D E8 [00000000]                   	CALL	_store_cr0
   267 00000222 58                              	POP	EAX
   268 00000223 EB E4                           	JMP	L64
   269 00000225                                 L65:
   270 00000225 E8 [00000000]                   	CALL	_load_cr0
   271 0000022A 0D 60000000                     	OR	EAX,1610612736
   272 0000022F 50                              	PUSH	EAX
   273 00000230 E8 [00000000]                   	CALL	_store_cr0
   274 00000235 5B                              	POP	EBX
   275 00000236 EB BC                           	JMP	L63
