     1 00000000                                 [FORMAT "WCOFF"]
     2 00000000                                 [INSTRSET "i486p"]
     3 00000000                                 [OPTIMIZE 1]
     4 00000000                                 [OPTION 1]
     5 00000000                                 [BITS 32]
     6 00000000                                 	EXTERN	_bootInfo
     7 00000000                                 	EXTERN	_putStr
     8 00000000                                 	EXTERN	_io_out8
     9 00000000                                 	EXTERN	_io_sti
    10 00000000                                 [FILE "int.c"]
    11                                          [SECTION .data]
    12 00000000                                 LC0:
    13 00000000 70 69 63 00                     	DB	"pic",0x00
    14                                          [SECTION .text]
    15 00000000                                 	GLOBAL	_init_pic
    16 00000000                                 _init_pic:
    17 00000000 55                              	PUSH	EBP
    18 00000001 89 E5                           	MOV	EBP,ESP
    19 00000003 68 [00000000]                   	PUSH	LC0
    20 00000008 6A 07                           	PUSH	7
    21 0000000A 6A 00                           	PUSH	0
    22 0000000C 6A 00                           	PUSH	0
    23 0000000E 8B 15 [00000000]                	MOV	EDX,DWORD [_bootInfo]
    24 00000014 0F BF 42 04                     	MOVSX	EAX,WORD [4+EDX]
    25 00000018 50                              	PUSH	EAX
    26 00000019 FF 72 08                        	PUSH	DWORD [8+EDX]
    27 0000001C E8 [00000000]                   	CALL	_putStr
    28 00000021 68 000000FF                     	PUSH	255
    29 00000026 6A 21                           	PUSH	33
    30 00000028 E8 [00000000]                   	CALL	_io_out8
    31 0000002D 83 C4 20                        	ADD	ESP,32
    32 00000030 68 000000FF                     	PUSH	255
    33 00000035 68 000000A1                     	PUSH	161
    34 0000003A E8 [00000000]                   	CALL	_io_out8
    35 0000003F 6A 11                           	PUSH	17
    36 00000041 6A 20                           	PUSH	32
    37 00000043 E8 [00000000]                   	CALL	_io_out8
    38 00000048 6A 20                           	PUSH	32
    39 0000004A 6A 21                           	PUSH	33
    40 0000004C E8 [00000000]                   	CALL	_io_out8
    41 00000051 6A 04                           	PUSH	4
    42 00000053 6A 21                           	PUSH	33
    43 00000055 E8 [00000000]                   	CALL	_io_out8
    44 0000005A 83 C4 20                        	ADD	ESP,32
    45 0000005D 6A 01                           	PUSH	1
    46 0000005F 6A 21                           	PUSH	33
    47 00000061 E8 [00000000]                   	CALL	_io_out8
    48 00000066 6A 11                           	PUSH	17
    49 00000068 68 000000A0                     	PUSH	160
    50 0000006D E8 [00000000]                   	CALL	_io_out8
    51 00000072 6A 28                           	PUSH	40
    52 00000074 68 000000A1                     	PUSH	161
    53 00000079 E8 [00000000]                   	CALL	_io_out8
    54 0000007E 6A 02                           	PUSH	2
    55 00000080 68 000000A1                     	PUSH	161
    56 00000085 E8 [00000000]                   	CALL	_io_out8
    57 0000008A 83 C4 20                        	ADD	ESP,32
    58 0000008D 6A 01                           	PUSH	1
    59 0000008F 68 000000A1                     	PUSH	161
    60 00000094 E8 [00000000]                   	CALL	_io_out8
    61 00000099 68 000000FB                     	PUSH	251
    62 0000009E 6A 21                           	PUSH	33
    63 000000A0 E8 [00000000]                   	CALL	_io_out8
    64 000000A5 68 000000FF                     	PUSH	255
    65 000000AA 68 000000A1                     	PUSH	161
    66 000000AF E8 [00000000]                   	CALL	_io_out8
    67 000000B4 83 C4 18                        	ADD	ESP,24
    68 000000B7 C9                              	LEAVE
    69 000000B8 E9 [00000000]                   	JMP	_io_sti
    70 000000BD                                 	GLOBAL	_inthandler27
    71 000000BD                                 _inthandler27:
    72 000000BD 55                              	PUSH	EBP
    73 000000BE 89 E5                           	MOV	EBP,ESP
    74 000000C0 6A 67                           	PUSH	103
    75 000000C2 6A 20                           	PUSH	32
    76 000000C4 E8 [00000000]                   	CALL	_io_out8
    77 000000C9 C9                              	LEAVE
    78 000000CA C3                              	RET
