     1 00000000                                 [FORMAT "WCOFF"]
     2 00000000                                 [INSTRSET "i486p"]
     3 00000000                                 [OPTIMIZE 1]
     4 00000000                                 [OPTION 1]
     5 00000000                                 [BITS 32]
     6 00000000                                 	EXTERN	_io_out8
     7 00000000                                 	EXTERN	_io_in8
     8 00000000                                 [FILE "keyboard.c"]
     9                                          [SECTION .text]
    10 00000000                                 	GLOBAL	_inthandler21
    11 00000000                                 _inthandler21:
    12 00000000 55                              	PUSH	EBP
    13 00000001 89 E5                           	MOV	EBP,ESP
    14 00000003 6A 61                           	PUSH	97
    15 00000005 6A 20                           	PUSH	32
    16 00000007 E8 [00000000]                   	CALL	_io_out8
    17 0000000C 58                              	POP	EAX
    18 0000000D 5A                              	POP	EDX
    19 0000000E C7 45 08 00000060               	MOV	DWORD [8+EBP],96
    20 00000015 C9                              	LEAVE
    21 00000016 E9 [00000000]                   	JMP	_io_in8
    22 0000001B                                 	GLOBAL	_wait_KBC_sendready
    23 0000001B                                 _wait_KBC_sendready:
    24 0000001B 55                              	PUSH	EBP
    25 0000001C 89 E5                           	MOV	EBP,ESP
    26 0000001E                                 L3:
    27 0000001E 6A 64                           	PUSH	100
    28 00000020 E8 [00000000]                   	CALL	_io_in8
    29 00000025 59                              	POP	ECX
    30 00000026 83 E0 02                        	AND	EAX,2
    31 00000029 75 F3                           	JNE	L3
    32 0000002B C9                              	LEAVE
    33 0000002C C3                              	RET
    34 0000002D                                 	GLOBAL	_init_keyboard
    35 0000002D                                 _init_keyboard:
    36 0000002D 55                              	PUSH	EBP
    37 0000002E 89 E5                           	MOV	EBP,ESP
    38 00000030 8B 45 08                        	MOV	EAX,DWORD [8+EBP]
    39 00000033 A3 [00000000]                   	MOV	DWORD [_keyfifo],EAX
    40 00000038 8B 45 0C                        	MOV	EAX,DWORD [12+EBP]
    41 0000003B A3 [00000004]                   	MOV	DWORD [_key_offset],EAX
    42 00000040 E8 FFFFFFD6                     	CALL	_wait_KBC_sendready
    43 00000045 6A 60                           	PUSH	96
    44 00000047 6A 64                           	PUSH	100
    45 00000049 E8 [00000000]                   	CALL	_io_out8
    46 0000004E E8 FFFFFFC8                     	CALL	_wait_KBC_sendready
    47 00000053 58                              	POP	EAX
    48 00000054 5A                              	POP	EDX
    49 00000055 C7 45 0C 00000047               	MOV	DWORD [12+EBP],71
    50 0000005C C7 45 08 00000060               	MOV	DWORD [8+EBP],96
    51 00000063 C9                              	LEAVE
    52 00000064 E9 [00000000]                   	JMP	_io_out8
    53 00000069                                 	GLOBAL	_keyfifo
    54                                          [SECTION .data]
    55 00000000                                 	ALIGNB	4
    56 00000000                                 _keyfifo:
    57 00000000 00 00 00 00                     	RESB	4
    58 00000004                                 	GLOBAL	_key_offset
    59                                          [SECTION .data]
    60 00000004                                 	ALIGNB	4
    61 00000004                                 _key_offset:
    62 00000004 00 00 00 00                     	RESB	4
    63 00000008                                 	GLOBAL	_tmp
    64                                          [SECTION .data]
    65 00000008                                 	ALIGNB	8
    66 00000008                                 _tmp:
    67 00000008 00 00 00 00 00 00 00 00 00 00   	RESB	12
       00000012 00 00 
