     1 00000000                                 [FORMAT "WCOFF"]
     2 00000000                                 [INSTRSET "i486p"]
     3 00000000                                 [OPTIMIZE 1]
     4 00000000                                 [OPTION 1]
     5 00000000                                 [BITS 32]
     6 00000000                                 	EXTERN	_io_out8
     7 00000000                                 	EXTERN	_io_in8
     8 00000000                                 	EXTERN	_bootInfo
     9 00000000                                 	EXTERN	_putStr
    10 00000000                                 [FILE "keyboard.c"]
    11                                          [SECTION .data]
    12 00000000                                 LC0:
    13 00000000 4B 45 59 00                     	DB	"KEY",0x00
    14                                          [SECTION .text]
    15 00000000                                 	GLOBAL	_inthandler21
    16 00000000                                 _inthandler21:
    17 00000000 55                              	PUSH	EBP
    18 00000001 89 E5                           	MOV	EBP,ESP
    19 00000003 6A 61                           	PUSH	97
    20 00000005 6A 20                           	PUSH	32
    21 00000007 E8 [00000000]                   	CALL	_io_out8
    22 0000000C 6A 60                           	PUSH	96
    23 0000000E E8 [00000000]                   	CALL	_io_in8
    24 00000013 8B 15 [00000000]                	MOV	EDX,DWORD [_bootInfo]
    25 00000019 68 [00000000]                   	PUSH	LC0
    26 0000001E 6A 00                           	PUSH	0
    27 00000020 6A 28                           	PUSH	40
    28 00000022 6A 00                           	PUSH	0
    29 00000024 0F BF 42 04                     	MOVSX	EAX,WORD [4+EDX]
    30 00000028 50                              	PUSH	EAX
    31 00000029 FF 72 08                        	PUSH	DWORD [8+EDX]
    32 0000002C E8 [00000000]                   	CALL	_putStr
    33 00000031 C9                              	LEAVE
    34 00000032 C3                              	RET
    35                                          [SECTION .data]
    36 00000004                                 LC1:
    37 00000004 62 65 66 00                     	DB	"bef",0x00
    38 00000008                                 LC2:
    39 00000008 61 66 74 00                     	DB	"aft",0x00
    40                                          [SECTION .text]
    41 00000033                                 	GLOBAL	_wait_KBC_sendready
    42 00000033                                 _wait_KBC_sendready:
    43 00000033 55                              	PUSH	EBP
    44 00000034 8B 15 [00000000]                	MOV	EDX,DWORD [_bootInfo]
    45 0000003A 89 E5                           	MOV	EBP,ESP
    46 0000003C 68 [00000004]                   	PUSH	LC1
    47 00000041 6A 00                           	PUSH	0
    48 00000043 6A 28                           	PUSH	40
    49 00000045 6A 1E                           	PUSH	30
    50 00000047 0F BF 42 04                     	MOVSX	EAX,WORD [4+EDX]
    51 0000004B 50                              	PUSH	EAX
    52 0000004C FF 72 08                        	PUSH	DWORD [8+EDX]
    53 0000004F E8 [00000000]                   	CALL	_putStr
    54 00000054 83 C4 18                        	ADD	ESP,24
    55 00000057                                 L3:
    56 00000057 6A 64                           	PUSH	100
    57 00000059 E8 [00000000]                   	CALL	_io_in8
    58 0000005E 5A                              	POP	EDX
    59 0000005F 83 E0 02                        	AND	EAX,2
    60 00000062 75 F3                           	JNE	L3
    61 00000064 68 [00000008]                   	PUSH	LC2
    62 00000069 8B 15 [00000000]                	MOV	EDX,DWORD [_bootInfo]
    63 0000006F 6A 00                           	PUSH	0
    64 00000071 6A 3C                           	PUSH	60
    65 00000073 6A 1E                           	PUSH	30
    66 00000075 0F BF 42 04                     	MOVSX	EAX,WORD [4+EDX]
    67 00000079 50                              	PUSH	EAX
    68 0000007A FF 72 08                        	PUSH	DWORD [8+EDX]
    69 0000007D E8 [00000000]                   	CALL	_putStr
    70 00000082 C9                              	LEAVE
    71 00000083 C3                              	RET
    72 00000084                                 	GLOBAL	_init_keyboard
    73 00000084                                 _init_keyboard:
    74 00000084 55                              	PUSH	EBP
    75 00000085 89 E5                           	MOV	EBP,ESP
    76 00000087 E8 FFFFFFA7                     	CALL	_wait_KBC_sendready
    77 0000008C 6A 60                           	PUSH	96
    78 0000008E 6A 64                           	PUSH	100
    79 00000090 E8 [00000000]                   	CALL	_io_out8
    80 00000095 E8 FFFFFF99                     	CALL	_wait_KBC_sendready
    81 0000009A 6A 47                           	PUSH	71
    82 0000009C 6A 60                           	PUSH	96
    83 0000009E E8 [00000000]                   	CALL	_io_out8
    84 000000A3 C9                              	LEAVE
    85 000000A4 C3                              	RET
