     1 00000000                                 [FORMAT "WCOFF"]
     2 00000000                                 [INSTRSET "i486p"]
     3 00000000                                 [OPTIMIZE 1]
     4 00000000                                 [OPTION 1]
     5 00000000                                 [BITS 32]
     6 00000000                                 	EXTERN	_init_palette
     7 00000000                                 	EXTERN	_bootInfo
     8 00000000                                 	EXTERN	_init_screen
     9 00000000                                 	EXTERN	_io_hlt
    10 00000000                                 [FILE "main.c"]
    11                                          [SECTION .text]
    12 00000000                                 	GLOBAL	_init
    13 00000000                                 _init:
    14 00000000 55                              	PUSH	EBP
    15 00000001 89 E5                           	MOV	EBP,ESP
    16 00000003 5D                              	POP	EBP
    17 00000004 E9 [00000000]                   	JMP	_init_palette
    18 00000009                                 	GLOBAL	_HariMain
    19 00000009                                 _HariMain:
    20 00000009 55                              	PUSH	EBP
    21 0000000A 89 E5                           	MOV	EBP,ESP
    22 0000000C E8 FFFFFFEF                     	CALL	_init
    23 00000011 A1 [00000000]                   	MOV	EAX,DWORD [_bootInfo]
    24 00000016 0F BF 50 06                     	MOVSX	EDX,WORD [6+EAX]
    25 0000001A 52                              	PUSH	EDX
    26 0000001B 0F BF 50 04                     	MOVSX	EDX,WORD [4+EAX]
    27 0000001F 52                              	PUSH	EDX
    28 00000020 FF 70 08                        	PUSH	DWORD [8+EAX]
    29 00000023 E8 [00000000]                   	CALL	_init_screen
    30 00000028 83 C4 0C                        	ADD	ESP,12
    31 0000002B                                 L3:
    32 0000002B E8 [00000000]                   	CALL	_io_hlt
    33 00000030 EB F9                           	JMP	L3
